[debug] [2025-03-04T16:11:16.071Z] ----------------------------------------------------------------------
[debug] [2025-03-04T16:11:16.090Z] Command:       /usr/local/bin/node /usr/local/bin/firebase emulators:start
[debug] [2025-03-04T16:11:16.091Z] CLI Version:   13.32.0
[debug] [2025-03-04T16:11:16.091Z] Platform:      darwin
[debug] [2025-03-04T16:11:16.092Z] Node Version:  v20.11.1
[debug] [2025-03-04T16:11:16.092Z] Time:          Tue Mar 04 2025 10:11:16 GMT-0600 (Central Standard Time)
[debug] [2025-03-04T16:11:16.092Z] ----------------------------------------------------------------------
[debug] 
[debug] [2025-03-04T16:11:16.311Z] > command requires scopes: ["email","openid","https://www.googleapis.com/auth/cloudplatformprojects.readonly","https://www.googleapis.com/auth/firebase","https://www.googleapis.com/auth/cloud-platform"]
[debug] [2025-03-04T16:11:16.311Z] > authorizing via signed-in user (feviarc@gmail.com)
[debug] [2025-03-04T16:11:16.813Z] openjdk version "17.0.14" 2025-01-21

[debug] [2025-03-04T16:11:16.813Z] OpenJDK Runtime Environment Homebrew (build 17.0.14+0)
OpenJDK 64-Bit Server VM Homebrew (build 17.0.14+0, mixed mode, sharing)

[debug] [2025-03-04T16:11:16.832Z] Parsed Java major version: 17
[info] i  emulators: Starting emulators: auth, firestore, hosting, storage {"metadata":{"emulator":{"name":"hub"},"message":"Starting emulators: auth, firestore, hosting, storage"}}
[debug] [2025-03-04T16:11:17.813Z] [logging] Logging Emulator only supports listening on one address (127.0.0.1). Not listening on ::1
[debug] [2025-03-04T16:11:17.814Z] [auth] Authentication Emulator only supports listening on one address (127.0.0.1). Not listening on ::1
[debug] [2025-03-04T16:11:17.814Z] [firestore] Firestore Emulator only supports listening on one address (127.0.0.1). Not listening on ::1
[debug] [2025-03-04T16:11:17.814Z] [firestore.websocket] websocket server for firestore only supports listening on one address (127.0.0.1). Not listening on ::1
[debug] [2025-03-04T16:11:17.814Z] [hosting] Hosting Emulator only supports listening on one address (127.0.0.1). Not listening on ::1
[debug] [2025-03-04T16:11:17.814Z] [storage] Storage Emulator only supports listening on one address (127.0.0.1). Not listening on ::1
[debug] [2025-03-04T16:11:17.815Z] assigned listening specs for emulators {"user":{"hub":[{"address":"127.0.0.1","family":"IPv4","port":4400},{"address":"::1","family":"IPv6","port":4400}],"ui":[{"address":"127.0.0.1","family":"IPv4","port":4000},{"address":"::1","family":"IPv6","port":4000}],"logging":[{"address":"127.0.0.1","family":"IPv4","port":4500}],"auth":[{"address":"127.0.0.1","family":"IPv4","port":9099}],"firestore":[{"address":"127.0.0.1","family":"IPv4","port":8080}],"firestore.websocket":[{"address":"127.0.0.1","family":"IPv4","port":9150}],"hosting":[{"address":"127.0.0.1","family":"IPv4","port":5000}],"storage":[{"address":"127.0.0.1","family":"IPv4","port":9199}]},"metadata":{"message":"assigned listening specs for emulators"}}
[debug] [2025-03-04T16:11:17.819Z] [hub] writing locator at /var/folders/kn/d7h50yj11rz3jj969ppt19c00000gn/T/hub-delivery-sahuayo.json
[debug] [2025-03-04T16:11:17.831Z] Ignoring unsupported arg: auto_download {"metadata":{"emulator":{"name":"firestore"},"message":"Ignoring unsupported arg: auto_download"}}
[debug] [2025-03-04T16:11:17.831Z] Ignoring unsupported arg: single_project_mode_error {"metadata":{"emulator":{"name":"firestore"},"message":"Ignoring unsupported arg: single_project_mode_error"}}
[debug] [2025-03-04T16:11:17.831Z] Starting Firestore Emulator with command {"binary":"java","args":["-Dgoogle.cloud_firestore.debug_log_level=FINE","-Duser.language=en","-jar","/Users/felipe/.cache/firebase/emulators/cloud-firestore-emulator-v1.19.8.jar","--host","127.0.0.1","--port",8080,"--websocket_port",9150,"--project_id","delivery-sahuayo","--rules","/Users/felipe/_React.Projects/delivery-app/firestore.rules","--single_project_mode",true],"optionalArgs":["port","webchannel_port","host","rules","websocket_port","functions_emulator","seed_from_export","project_id","single_project_mode"],"joinArgs":false,"shell":false,"port":8080} {"metadata":{"emulator":{"name":"firestore"},"message":"Starting Firestore Emulator with command {\"binary\":\"java\",\"args\":[\"-Dgoogle.cloud_firestore.debug_log_level=FINE\",\"-Duser.language=en\",\"-jar\",\"/Users/felipe/.cache/firebase/emulators/cloud-firestore-emulator-v1.19.8.jar\",\"--host\",\"127.0.0.1\",\"--port\",8080,\"--websocket_port\",9150,\"--project_id\",\"delivery-sahuayo\",\"--rules\",\"/Users/felipe/_React.Projects/delivery-app/firestore.rules\",\"--single_project_mode\",true],\"optionalArgs\":[\"port\",\"webchannel_port\",\"host\",\"rules\",\"websocket_port\",\"functions_emulator\",\"seed_from_export\",\"project_id\",\"single_project_mode\"],\"joinArgs\":false,\"shell\":false,\"port\":8080}"}}
[info] i  firestore: Firestore Emulator logging to firestore-debug.log {"metadata":{"emulator":{"name":"firestore"},"message":"Firestore Emulator logging to \u001b[1mfirestore-debug.log\u001b[22m"}}
[debug] [2025-03-04T16:11:19.702Z] Mar 04, 2025 10:11:19 AM com.google.cloud.datastore.emulator.firestore.websocket.WebSocketServer start
INFO: Started WebSocket server on ws://127.0.0.1:9150
 {"metadata":{"emulator":{"name":"firestore"},"message":"Mar 04, 2025 10:11:19 AM com.google.cloud.datastore.emulator.firestore.websocket.WebSocketServer start\nINFO: Started WebSocket server on ws://127.0.0.1:9150\n"}}
[debug] [2025-03-04T16:11:19.764Z] API endpoint: http:// {"metadata":{"emulator":{"name":"firestore"},"message":"API endpoint: http://"}}
[debug] [2025-03-04T16:11:19.765Z] 127.0.0.1:8080
If you are using a library that supports the FIRESTORE_EMULATOR_HOST environment variable, run:

   export FIRESTORE_EMULATOR_HOST=127.0.0.1:8080

If you are running a Firestore in Datastore Mode project, run:

   export DATASTORE_EMULATOR_HOST=127.0.0.1:8080

Note: Support for Datastore Mode is in preview. If you encounter any bugs please file at https://github.com/firebase/firebase-tools/issues.
Dev App Server is now running.

 {"metadata":{"emulator":{"name":"firestore"},"message":"127.0.0.1:8080\nIf you are using a library that supports the FIRESTORE_EMULATOR_HOST environment variable, run:\n\n   export FIRESTORE_EMULATOR_HOST=127.0.0.1:8080\n\nIf you are running a Firestore in Datastore Mode project, run:\n\n   export DATASTORE_EMULATOR_HOST=127.0.0.1:8080\n\nNote: Support for Datastore Mode is in preview. If you encounter any bugs please file at https://github.com/firebase/firebase-tools/issues.\nDev App Server is now running.\n\n"}}
[info] ✔  firestore: Firestore Emulator UI websocket is running on 9150. {"metadata":{"emulator":{"name":"firestore"},"message":"Firestore Emulator UI websocket is running on 9150."}}
[debug] [2025-03-04T16:11:27.585Z] Ignoring unsupported arg: port {"metadata":{"emulator":{"name":"storage"},"message":"Ignoring unsupported arg: port"}}
[debug] [2025-03-04T16:11:28.870Z] Temp file directory for storage emulator: /var/folders/kn/d7h50yj11rz3jj969ppt19c00000gn/T/firebase/storage/blobs {"metadata":{"emulator":{"name":"storage"},"message":"Temp file directory for storage emulator: /var/folders/kn/d7h50yj11rz3jj969ppt19c00000gn/T/firebase/storage/blobs"}}
[debug] [2025-03-04T16:11:28.876Z] Checked if tokens are valid: false, expires at: 1741105154459
[debug] [2025-03-04T16:11:28.876Z] Checked if tokens are valid: false, expires at: 1741105154459
[debug] [2025-03-04T16:11:28.876Z] > refreshing access token with scopes: []
[debug] [2025-03-04T16:11:28.880Z] >>> [apiv2][query] POST https://www.googleapis.com/oauth2/v3/token [none]
[debug] [2025-03-04T16:11:28.880Z] >>> [apiv2][body] POST https://www.googleapis.com/oauth2/v3/token [omitted]
[debug] [2025-03-04T16:11:29.445Z] <<< [apiv2][status] POST https://www.googleapis.com/oauth2/v3/token 200
[debug] [2025-03-04T16:11:29.445Z] <<< [apiv2][body] POST https://www.googleapis.com/oauth2/v3/token [omitted]
[debug] [2025-03-04T16:11:29.517Z] >>> [apiv2][query] GET https://firebasehosting.googleapis.com/v1beta1/projects/delivery-sahuayo/sites 
[debug] [2025-03-04T16:11:30.478Z] <<< [apiv2][status] GET https://firebasehosting.googleapis.com/v1beta1/projects/delivery-sahuayo/sites 200
[debug] [2025-03-04T16:11:30.478Z] <<< [apiv2][body] GET https://firebasehosting.googleapis.com/v1beta1/projects/delivery-sahuayo/sites {"sites":[{"name":"projects/delivery-sahuayo/sites/delivery-sahuayo","defaultUrl":"https://delivery-sahuayo.web.app","appId":"1:854343654586:web:5d6dbf074314e12c2c3683","type":"DEFAULT_SITE"}]}
[debug] [2025-03-04T16:11:30.479Z] Checked if tokens are valid: true, expires at: 1741108288445
[debug] [2025-03-04T16:11:30.479Z] Checked if tokens are valid: true, expires at: 1741108288445
[debug] [2025-03-04T16:11:30.479Z] >>> [apiv2][query] GET https://firebase.googleapis.com/v1beta1/projects/delivery-sahuayo/webApps/1:854343654586:web:5d6dbf074314e12c2c3683/config [none]
[debug] [2025-03-04T16:11:31.024Z] <<< [apiv2][status] GET https://firebase.googleapis.com/v1beta1/projects/delivery-sahuayo/webApps/1:854343654586:web:5d6dbf074314e12c2c3683/config 200
[debug] [2025-03-04T16:11:31.024Z] <<< [apiv2][body] GET https://firebase.googleapis.com/v1beta1/projects/delivery-sahuayo/webApps/1:854343654586:web:5d6dbf074314e12c2c3683/config {"projectId":"delivery-sahuayo","appId":"1:854343654586:web:5d6dbf074314e12c2c3683","storageBucket":"delivery-sahuayo.firebasestorage.app","apiKey":"AIzaSyDtLdFOEp_oAKY9AYL--ifDaKlgx_m7Dtk","authDomain":"delivery-sahuayo.firebaseapp.com","messagingSenderId":"854343654586","measurementId":"G-J2RLCHYTRN"}
[debug] [2025-03-04T16:11:31.058Z] Checked if tokens are valid: true, expires at: 1741108288445
[debug] [2025-03-04T16:11:31.059Z] Checked if tokens are valid: true, expires at: 1741108288445
[debug] [2025-03-04T16:11:31.059Z] >>> [apiv2][query] GET https://firebase.googleapis.com/v1beta1/projects/delivery-sahuayo [none]
[debug] [2025-03-04T16:11:31.294Z] <<< [apiv2][status] GET https://firebase.googleapis.com/v1beta1/projects/delivery-sahuayo 200
[debug] [2025-03-04T16:11:31.294Z] <<< [apiv2][body] GET https://firebase.googleapis.com/v1beta1/projects/delivery-sahuayo {"projectId":"delivery-sahuayo","projectNumber":"854343654586","displayName":"Delivery Sahuayo","name":"projects/delivery-sahuayo","resources":{"hostingSite":"delivery-sahuayo"},"state":"ACTIVE","etag":"1_04146ef3-8c49-4860-a14f-a733f88d67f9"}
[info] i  hosting[delivery-sahuayo]: Serving hosting files from: dist {"metadata":{"emulator":{"name":"hosting"},"message":"Serving hosting files from: \u001b[1mdist\u001b[22m"}}
[info] ✔  hosting[delivery-sahuayo]: Local server: http://127.0.0.1:5000 {"metadata":{"emulator":{"name":"hosting"},"message":"Local server: \u001b[4m\u001b[1mhttp://127.0.0.1:5000\u001b[22m\u001b[24m"}}
[info] i  ui: downloading ui-v1.14.0.zip... {"metadata":{"emulator":{"name":"ui"},"message":"downloading ui-v1.14.0.zip..."}}
[debug] [2025-03-04T16:11:31.423Z] >>> [apiv2][query] GET https://storage.googleapis.com/firebase-preview-drop/emulator/ui-v1.14.0.zip 
[debug] [2025-03-04T16:11:31.655Z] <<< [apiv2][status] GET https://storage.googleapis.com/firebase-preview-drop/emulator/ui-v1.14.0.zip 200
[debug] [2025-03-04T16:11:31.656Z] <<< [apiv2][body] GET https://storage.googleapis.com/firebase-preview-drop/emulator/ui-v1.14.0.zip [stream]
[debug] [2025-03-04T16:11:32.269Z] Data is 3615311
[debug] [2025-03-04T16:11:32.270Z] [unzip] Entry: client/ (compressed_size=0 bytes, uncompressed_size=0 bytes)
[debug] [2025-03-04T16:11:32.270Z] [unzip] Processing entry: client/
[debug] [2025-03-04T16:11:32.270Z] [unzip] mkdir: /Users/felipe/.cache/firebase/emulators/ui-v1.14.0/client/
[debug] [2025-03-04T16:11:32.272Z] [unzip] Entry: client/favicon-16x16.png (compressed_size=293 bytes, uncompressed_size=293 bytes)
[debug] [2025-03-04T16:11:32.272Z] [unzip] Processing entry: client/favicon-16x16.png
[debug] [2025-03-04T16:11:32.272Z] [unzip] else mkdir: /Users/felipe/.cache/firebase/emulators/ui-v1.14.0/client
[debug] [2025-03-04T16:11:32.272Z] [unzip] Writing file: /Users/felipe/.cache/firebase/emulators/ui-v1.14.0/client/favicon-16x16.png
[debug] [2025-03-04T16:11:32.273Z] [unzip] Entry: client/safari-pinned-tab.svg (compressed_size=1433 bytes, uncompressed_size=2611 bytes)
[debug] [2025-03-04T16:11:32.273Z] [unzip] Processing entry: client/safari-pinned-tab.svg
[debug] [2025-03-04T16:11:32.273Z] [unzip] else mkdir: /Users/felipe/.cache/firebase/emulators/ui-v1.14.0/client
[debug] [2025-03-04T16:11:32.274Z] [unzip] deflating: /Users/felipe/.cache/firebase/emulators/ui-v1.14.0/client/safari-pinned-tab.svg
[debug] [2025-03-04T16:11:32.282Z] [unzip] Entry: client/favicon.ico (compressed_size=2933 bytes, uncompressed_size=13294 bytes)
[debug] [2025-03-04T16:11:32.282Z] [unzip] Processing entry: client/favicon.ico
[debug] [2025-03-04T16:11:32.282Z] [unzip] else mkdir: /Users/felipe/.cache/firebase/emulators/ui-v1.14.0/client
[debug] [2025-03-04T16:11:32.282Z] [unzip] deflating: /Users/felipe/.cache/firebase/emulators/ui-v1.14.0/client/favicon.ico
[debug] [2025-03-04T16:11:32.284Z] [unzip] Entry: client/index.html (compressed_size=1363 bytes, uncompressed_size=3071 bytes)
[debug] [2025-03-04T16:11:32.284Z] [unzip] Processing entry: client/index.html
[debug] [2025-03-04T16:11:32.284Z] [unzip] else mkdir: /Users/felipe/.cache/firebase/emulators/ui-v1.14.0/client
[debug] [2025-03-04T16:11:32.284Z] [unzip] deflating: /Users/felipe/.cache/firebase/emulators/ui-v1.14.0/client/index.html
[debug] [2025-03-04T16:11:32.286Z] [unzip] Entry: client/android-chrome-192x192.png (compressed_size=2684 bytes, uncompressed_size=2684 bytes)
[debug] [2025-03-04T16:11:32.286Z] [unzip] Processing entry: client/android-chrome-192x192.png
[debug] [2025-03-04T16:11:32.286Z] [unzip] else mkdir: /Users/felipe/.cache/firebase/emulators/ui-v1.14.0/client
[debug] [2025-03-04T16:11:32.286Z] [unzip] Writing file: /Users/felipe/.cache/firebase/emulators/ui-v1.14.0/client/android-chrome-192x192.png
[debug] [2025-03-04T16:11:32.287Z] [unzip] Entry: client/apple-touch-icon.png (compressed_size=2123 bytes, uncompressed_size=2152 bytes)
[debug] [2025-03-04T16:11:32.287Z] [unzip] Processing entry: client/apple-touch-icon.png
[debug] [2025-03-04T16:11:32.287Z] [unzip] else mkdir: /Users/felipe/.cache/firebase/emulators/ui-v1.14.0/client
[debug] [2025-03-04T16:11:32.288Z] [unzip] deflating: /Users/felipe/.cache/firebase/emulators/ui-v1.14.0/client/apple-touch-icon.png
[debug] [2025-03-04T16:11:32.289Z] [unzip] Entry: client/android-chrome-512x512.png (compressed_size=5369 bytes, uncompressed_size=5411 bytes)
[debug] [2025-03-04T16:11:32.289Z] [unzip] Processing entry: client/android-chrome-512x512.png
[debug] [2025-03-04T16:11:32.289Z] [unzip] else mkdir: /Users/felipe/.cache/firebase/emulators/ui-v1.14.0/client
[debug] [2025-03-04T16:11:32.289Z] [unzip] deflating: /Users/felipe/.cache/firebase/emulators/ui-v1.14.0/client/android-chrome-512x512.png
[debug] [2025-03-04T16:11:32.292Z] [unzip] Entry: client/manifest.json (compressed_size=245 bytes, uncompressed_size=551 bytes)
[debug] [2025-03-04T16:11:32.292Z] [unzip] Processing entry: client/manifest.json
[debug] [2025-03-04T16:11:32.292Z] [unzip] else mkdir: /Users/felipe/.cache/firebase/emulators/ui-v1.14.0/client
[debug] [2025-03-04T16:11:32.293Z] [unzip] deflating: /Users/felipe/.cache/firebase/emulators/ui-v1.14.0/client/manifest.json
[debug] [2025-03-04T16:11:32.294Z] [unzip] Entry: client/robots.txt (compressed_size=26 bytes, uncompressed_size=26 bytes)
[debug] [2025-03-04T16:11:32.294Z] [unzip] Processing entry: client/robots.txt
[debug] [2025-03-04T16:11:32.295Z] [unzip] else mkdir: /Users/felipe/.cache/firebase/emulators/ui-v1.14.0/client
[debug] [2025-03-04T16:11:32.295Z] [unzip] Writing file: /Users/felipe/.cache/firebase/emulators/ui-v1.14.0/client/robots.txt
[debug] [2025-03-04T16:11:32.295Z] [unzip] Entry: client/mstile-150x150.png (compressed_size=2034 bytes, uncompressed_size=2034 bytes)
[debug] [2025-03-04T16:11:32.296Z] [unzip] Processing entry: client/mstile-150x150.png
[debug] [2025-03-04T16:11:32.296Z] [unzip] else mkdir: /Users/felipe/.cache/firebase/emulators/ui-v1.14.0/client
[debug] [2025-03-04T16:11:32.296Z] [unzip] Writing file: /Users/felipe/.cache/firebase/emulators/ui-v1.14.0/client/mstile-150x150.png
[debug] [2025-03-04T16:11:32.297Z] [unzip] Entry: client/assets/ (compressed_size=0 bytes, uncompressed_size=0 bytes)
[debug] [2025-03-04T16:11:32.297Z] [unzip] Processing entry: client/assets/
[debug] [2025-03-04T16:11:32.297Z] [unzip] mkdir: /Users/felipe/.cache/firebase/emulators/ui-v1.14.0/client/assets/
[debug] [2025-03-04T16:11:32.297Z] [unzip] Entry: client/assets/index-ClZTY_JS.js.map (compressed_size=2328270 bytes, uncompressed_size=9947004 bytes)
[debug] [2025-03-04T16:11:32.297Z] [unzip] Processing entry: client/assets/index-ClZTY_JS.js.map
[debug] [2025-03-04T16:11:32.297Z] [unzip] else mkdir: /Users/felipe/.cache/firebase/emulators/ui-v1.14.0/client/assets
[debug] [2025-03-04T16:11:32.298Z] [unzip] deflating: /Users/felipe/.cache/firebase/emulators/ui-v1.14.0/client/assets/index-ClZTY_JS.js.map
[debug] [2025-03-04T16:11:32.358Z] [unzip] Entry: client/assets/index-ClZTY_JS.js (compressed_size=567195 bytes, uncompressed_size=2035940 bytes)
[debug] [2025-03-04T16:11:32.358Z] [unzip] Processing entry: client/assets/index-ClZTY_JS.js
[debug] [2025-03-04T16:11:32.359Z] [unzip] else mkdir: /Users/felipe/.cache/firebase/emulators/ui-v1.14.0/client/assets
[debug] [2025-03-04T16:11:32.359Z] [unzip] deflating: /Users/felipe/.cache/firebase/emulators/ui-v1.14.0/client/assets/index-ClZTY_JS.js
[debug] [2025-03-04T16:11:32.370Z] [unzip] Entry: client/assets/index-BdgySamB.css (compressed_size=35979 bytes, uncompressed_size=298654 bytes)
[debug] [2025-03-04T16:11:32.370Z] [unzip] Processing entry: client/assets/index-BdgySamB.css
[debug] [2025-03-04T16:11:32.370Z] [unzip] else mkdir: /Users/felipe/.cache/firebase/emulators/ui-v1.14.0/client/assets
[debug] [2025-03-04T16:11:32.371Z] [unzip] deflating: /Users/felipe/.cache/firebase/emulators/ui-v1.14.0/client/assets/index-BdgySamB.css
[debug] [2025-03-04T16:11:32.372Z] [unzip] Entry: client/assets/extensions/ (compressed_size=0 bytes, uncompressed_size=0 bytes)
[debug] [2025-03-04T16:11:32.372Z] [unzip] Processing entry: client/assets/extensions/
[debug] [2025-03-04T16:11:32.372Z] [unzip] mkdir: /Users/felipe/.cache/firebase/emulators/ui-v1.14.0/client/assets/extensions/
[debug] [2025-03-04T16:11:32.373Z] [unzip] Entry: client/assets/extensions/default-extension.png (compressed_size=1646 bytes, uncompressed_size=1657 bytes)
[debug] [2025-03-04T16:11:32.373Z] [unzip] Processing entry: client/assets/extensions/default-extension.png
[debug] [2025-03-04T16:11:32.373Z] [unzip] else mkdir: /Users/felipe/.cache/firebase/emulators/ui-v1.14.0/client/assets/extensions
[debug] [2025-03-04T16:11:32.373Z] [unzip] deflating: /Users/felipe/.cache/firebase/emulators/ui-v1.14.0/client/assets/extensions/default-extension.png
[debug] [2025-03-04T16:11:32.374Z] [unzip] Entry: client/assets/img/ (compressed_size=0 bytes, uncompressed_size=0 bytes)
[debug] [2025-03-04T16:11:32.374Z] [unzip] Processing entry: client/assets/img/
[debug] [2025-03-04T16:11:32.374Z] [unzip] mkdir: /Users/felipe/.cache/firebase/emulators/ui-v1.14.0/client/assets/img/
[debug] [2025-03-04T16:11:32.374Z] [unzip] Entry: client/assets/img/database.png (compressed_size=29449 bytes, uncompressed_size=29988 bytes)
[debug] [2025-03-04T16:11:32.374Z] [unzip] Processing entry: client/assets/img/database.png
[debug] [2025-03-04T16:11:32.374Z] [unzip] else mkdir: /Users/felipe/.cache/firebase/emulators/ui-v1.14.0/client/assets/img
[debug] [2025-03-04T16:11:32.374Z] [unzip] deflating: /Users/felipe/.cache/firebase/emulators/ui-v1.14.0/client/assets/img/database.png
[debug] [2025-03-04T16:11:32.375Z] [unzip] Entry: client/assets/provider-icons/ (compressed_size=0 bytes, uncompressed_size=0 bytes)
[debug] [2025-03-04T16:11:32.375Z] [unzip] Processing entry: client/assets/provider-icons/
[debug] [2025-03-04T16:11:32.375Z] [unzip] mkdir: /Users/felipe/.cache/firebase/emulators/ui-v1.14.0/client/assets/provider-icons/
[debug] [2025-03-04T16:11:32.375Z] [unzip] Entry: client/assets/provider-icons/auth_service_saml.svg (compressed_size=575 bytes, uncompressed_size=1226 bytes)
[debug] [2025-03-04T16:11:32.375Z] [unzip] Processing entry: client/assets/provider-icons/auth_service_saml.svg
[debug] [2025-03-04T16:11:32.375Z] [unzip] else mkdir: /Users/felipe/.cache/firebase/emulators/ui-v1.14.0/client/assets/provider-icons
[debug] [2025-03-04T16:11:32.375Z] [unzip] deflating: /Users/felipe/.cache/firebase/emulators/ui-v1.14.0/client/assets/provider-icons/auth_service_saml.svg
[debug] [2025-03-04T16:11:32.376Z] [unzip] Entry: client/assets/provider-icons/auth_service_phone.svg (compressed_size=261 bytes, uncompressed_size=414 bytes)
[debug] [2025-03-04T16:11:32.376Z] [unzip] Processing entry: client/assets/provider-icons/auth_service_phone.svg
[debug] [2025-03-04T16:11:32.376Z] [unzip] else mkdir: /Users/felipe/.cache/firebase/emulators/ui-v1.14.0/client/assets/provider-icons
[debug] [2025-03-04T16:11:32.376Z] [unzip] deflating: /Users/felipe/.cache/firebase/emulators/ui-v1.14.0/client/assets/provider-icons/auth_service_phone.svg
[debug] [2025-03-04T16:11:32.377Z] [unzip] Entry: client/assets/provider-icons/auth_service_facebook.svg (compressed_size=289 bytes, uncompressed_size=457 bytes)
[debug] [2025-03-04T16:11:32.377Z] [unzip] Processing entry: client/assets/provider-icons/auth_service_facebook.svg
[debug] [2025-03-04T16:11:32.377Z] [unzip] else mkdir: /Users/felipe/.cache/firebase/emulators/ui-v1.14.0/client/assets/provider-icons
[debug] [2025-03-04T16:11:32.377Z] [unzip] deflating: /Users/felipe/.cache/firebase/emulators/ui-v1.14.0/client/assets/provider-icons/auth_service_facebook.svg
[debug] [2025-03-04T16:11:32.377Z] [unzip] Entry: client/assets/provider-icons/auth_service_game_center.svg (compressed_size=991 bytes, uncompressed_size=3921 bytes)
[debug] [2025-03-04T16:11:32.377Z] [unzip] Processing entry: client/assets/provider-icons/auth_service_game_center.svg
[debug] [2025-03-04T16:11:32.377Z] [unzip] else mkdir: /Users/felipe/.cache/firebase/emulators/ui-v1.14.0/client/assets/provider-icons
[debug] [2025-03-04T16:11:32.378Z] [unzip] deflating: /Users/felipe/.cache/firebase/emulators/ui-v1.14.0/client/assets/provider-icons/auth_service_game_center.svg
[debug] [2025-03-04T16:11:32.378Z] [unzip] Entry: client/assets/provider-icons/auth_service_apple.svg (compressed_size=230 bytes, uncompressed_size=334 bytes)
[debug] [2025-03-04T16:11:32.378Z] [unzip] Processing entry: client/assets/provider-icons/auth_service_apple.svg
[debug] [2025-03-04T16:11:32.378Z] [unzip] else mkdir: /Users/felipe/.cache/firebase/emulators/ui-v1.14.0/client/assets/provider-icons
[debug] [2025-03-04T16:11:32.378Z] [unzip] deflating: /Users/felipe/.cache/firebase/emulators/ui-v1.14.0/client/assets/provider-icons/auth_service_apple.svg
[debug] [2025-03-04T16:11:32.379Z] [unzip] Entry: client/assets/provider-icons/auth_service_github.svg (compressed_size=466 bytes, uncompressed_size=838 bytes)
[debug] [2025-03-04T16:11:32.379Z] [unzip] Processing entry: client/assets/provider-icons/auth_service_github.svg
[debug] [2025-03-04T16:11:32.379Z] [unzip] else mkdir: /Users/felipe/.cache/firebase/emulators/ui-v1.14.0/client/assets/provider-icons
[debug] [2025-03-04T16:11:32.379Z] [unzip] deflating: /Users/felipe/.cache/firebase/emulators/ui-v1.14.0/client/assets/provider-icons/auth_service_github.svg
[debug] [2025-03-04T16:11:32.380Z] [unzip] Entry: client/assets/provider-icons/auth_service_mslive.svg (compressed_size=203 bytes, uncompressed_size=378 bytes)
[debug] [2025-03-04T16:11:32.380Z] [unzip] Processing entry: client/assets/provider-icons/auth_service_mslive.svg
[debug] [2025-03-04T16:11:32.380Z] [unzip] else mkdir: /Users/felipe/.cache/firebase/emulators/ui-v1.14.0/client/assets/provider-icons
[debug] [2025-03-04T16:11:32.380Z] [unzip] deflating: /Users/felipe/.cache/firebase/emulators/ui-v1.14.0/client/assets/provider-icons/auth_service_mslive.svg
[debug] [2025-03-04T16:11:32.381Z] [unzip] Entry: client/assets/provider-icons/auth_service_yahoo.svg (compressed_size=577 bytes, uncompressed_size=1182 bytes)
[debug] [2025-03-04T16:11:32.382Z] [unzip] Processing entry: client/assets/provider-icons/auth_service_yahoo.svg
[debug] [2025-03-04T16:11:32.382Z] [unzip] else mkdir: /Users/felipe/.cache/firebase/emulators/ui-v1.14.0/client/assets/provider-icons
[debug] [2025-03-04T16:11:32.382Z] [unzip] deflating: /Users/felipe/.cache/firebase/emulators/ui-v1.14.0/client/assets/provider-icons/auth_service_yahoo.svg
[debug] [2025-03-04T16:11:32.382Z] [unzip] Entry: client/assets/provider-icons/auth_service_twitter.svg (compressed_size=444 bytes, uncompressed_size=751 bytes)
[debug] [2025-03-04T16:11:32.383Z] [unzip] Processing entry: client/assets/provider-icons/auth_service_twitter.svg
[debug] [2025-03-04T16:11:32.383Z] [unzip] else mkdir: /Users/felipe/.cache/firebase/emulators/ui-v1.14.0/client/assets/provider-icons
[debug] [2025-03-04T16:11:32.383Z] [unzip] deflating: /Users/felipe/.cache/firebase/emulators/ui-v1.14.0/client/assets/provider-icons/auth_service_twitter.svg
[debug] [2025-03-04T16:11:32.384Z] [unzip] Entry: client/assets/provider-icons/auth_service_play_games.svg (compressed_size=565 bytes, uncompressed_size=1173 bytes)
[debug] [2025-03-04T16:11:32.384Z] [unzip] Processing entry: client/assets/provider-icons/auth_service_play_games.svg
[debug] [2025-03-04T16:11:32.384Z] [unzip] else mkdir: /Users/felipe/.cache/firebase/emulators/ui-v1.14.0/client/assets/provider-icons
[debug] [2025-03-04T16:11:32.384Z] [unzip] deflating: /Users/felipe/.cache/firebase/emulators/ui-v1.14.0/client/assets/provider-icons/auth_service_play_games.svg
[debug] [2025-03-04T16:11:32.384Z] [unzip] Entry: client/assets/provider-icons/auth_service_email.svg (compressed_size=228 bytes, uncompressed_size=326 bytes)
[debug] [2025-03-04T16:11:32.385Z] [unzip] Processing entry: client/assets/provider-icons/auth_service_email.svg
[debug] [2025-03-04T16:11:32.385Z] [unzip] else mkdir: /Users/felipe/.cache/firebase/emulators/ui-v1.14.0/client/assets/provider-icons
[debug] [2025-03-04T16:11:32.385Z] [unzip] deflating: /Users/felipe/.cache/firebase/emulators/ui-v1.14.0/client/assets/provider-icons/auth_service_email.svg
[debug] [2025-03-04T16:11:32.386Z] [unzip] Entry: client/assets/provider-icons/auth_service_google.svg (compressed_size=409 bytes, uncompressed_size=720 bytes)
[debug] [2025-03-04T16:11:32.386Z] [unzip] Processing entry: client/assets/provider-icons/auth_service_google.svg
[debug] [2025-03-04T16:11:32.386Z] [unzip] else mkdir: /Users/felipe/.cache/firebase/emulators/ui-v1.14.0/client/assets/provider-icons
[debug] [2025-03-04T16:11:32.386Z] [unzip] deflating: /Users/felipe/.cache/firebase/emulators/ui-v1.14.0/client/assets/provider-icons/auth_service_google.svg
[debug] [2025-03-04T16:11:32.387Z] [unzip] Entry: client/assets/provider-icons/auth_service_oidc.svg (compressed_size=414 bytes, uncompressed_size=858 bytes)
[debug] [2025-03-04T16:11:32.387Z] [unzip] Processing entry: client/assets/provider-icons/auth_service_oidc.svg
[debug] [2025-03-04T16:11:32.387Z] [unzip] else mkdir: /Users/felipe/.cache/firebase/emulators/ui-v1.14.0/client/assets/provider-icons
[debug] [2025-03-04T16:11:32.387Z] [unzip] deflating: /Users/felipe/.cache/firebase/emulators/ui-v1.14.0/client/assets/provider-icons/auth_service_oidc.svg
[debug] [2025-03-04T16:11:32.388Z] [unzip] Entry: client/browserconfig.xml (compressed_size=491 bytes, uncompressed_size=822 bytes)
[debug] [2025-03-04T16:11:32.388Z] [unzip] Processing entry: client/browserconfig.xml
[debug] [2025-03-04T16:11:32.389Z] [unzip] else mkdir: /Users/felipe/.cache/firebase/emulators/ui-v1.14.0/client
[debug] [2025-03-04T16:11:32.389Z] [unzip] deflating: /Users/felipe/.cache/firebase/emulators/ui-v1.14.0/client/browserconfig.xml
[debug] [2025-03-04T16:11:32.392Z] [unzip] Entry: client/favicon-32x32.png (compressed_size=475 bytes, uncompressed_size=475 bytes)
[debug] [2025-03-04T16:11:32.392Z] [unzip] Processing entry: client/favicon-32x32.png
[debug] [2025-03-04T16:11:32.392Z] [unzip] else mkdir: /Users/felipe/.cache/firebase/emulators/ui-v1.14.0/client
[debug] [2025-03-04T16:11:32.392Z] [unzip] Writing file: /Users/felipe/.cache/firebase/emulators/ui-v1.14.0/client/favicon-32x32.png
[debug] [2025-03-04T16:11:32.393Z] [unzip] Entry: server/ (compressed_size=0 bytes, uncompressed_size=0 bytes)
[debug] [2025-03-04T16:11:32.393Z] [unzip] Processing entry: server/
[debug] [2025-03-04T16:11:32.393Z] [unzip] mkdir: /Users/felipe/.cache/firebase/emulators/ui-v1.14.0/server/
[debug] [2025-03-04T16:11:32.394Z] [unzip] Entry: server/server.mjs.map (compressed_size=296496 bytes, uncompressed_size=1355667 bytes)
[debug] [2025-03-04T16:11:32.394Z] [unzip] Processing entry: server/server.mjs.map
[debug] [2025-03-04T16:11:32.394Z] [unzip] else mkdir: /Users/felipe/.cache/firebase/emulators/ui-v1.14.0/server
[debug] [2025-03-04T16:11:32.394Z] [unzip] deflating: /Users/felipe/.cache/firebase/emulators/ui-v1.14.0/server/server.mjs.map
[debug] [2025-03-04T16:11:32.406Z] [unzip] Entry: server/server.mjs (compressed_size=315701 bytes, uncompressed_size=1172682 bytes)
[debug] [2025-03-04T16:11:32.406Z] [unzip] Processing entry: server/server.mjs
[debug] [2025-03-04T16:11:32.406Z] [unzip] else mkdir: /Users/felipe/.cache/firebase/emulators/ui-v1.14.0/server
[debug] [2025-03-04T16:11:32.407Z] [unzip] deflating: /Users/felipe/.cache/firebase/emulators/ui-v1.14.0/server/server.mjs
[debug] [2025-03-04T16:11:32.417Z] [unzip] Entry: server/assets/ (compressed_size=0 bytes, uncompressed_size=0 bytes)
[debug] [2025-03-04T16:11:32.417Z] [unzip] Processing entry: server/assets/
[debug] [2025-03-04T16:11:32.417Z] [unzip] mkdir: /Users/felipe/.cache/firebase/emulators/ui-v1.14.0/server/assets/
[debug] [2025-03-04T16:11:32.417Z] [unzip] Entry: server/assets/multipart-parser-DGCUZdXu.mjs.map (compressed_size=4791 bytes, uncompressed_size=17918 bytes)
[debug] [2025-03-04T16:11:32.417Z] [unzip] Processing entry: server/assets/multipart-parser-DGCUZdXu.mjs.map
[debug] [2025-03-04T16:11:32.417Z] [unzip] else mkdir: /Users/felipe/.cache/firebase/emulators/ui-v1.14.0/server/assets
[debug] [2025-03-04T16:11:32.418Z] [unzip] deflating: /Users/felipe/.cache/firebase/emulators/ui-v1.14.0/server/assets/multipart-parser-DGCUZdXu.mjs.map
[debug] [2025-03-04T16:11:32.419Z] [unzip] Entry: server/assets/multipart-parser-DGCUZdXu.mjs (compressed_size=2621 bytes, uncompressed_size=10390 bytes)
[debug] [2025-03-04T16:11:32.420Z] [unzip] Processing entry: server/assets/multipart-parser-DGCUZdXu.mjs
[debug] [2025-03-04T16:11:32.420Z] [unzip] else mkdir: /Users/felipe/.cache/firebase/emulators/ui-v1.14.0/server/assets
[debug] [2025-03-04T16:11:32.420Z] [unzip] deflating: /Users/felipe/.cache/firebase/emulators/ui-v1.14.0/server/assets/multipart-parser-DGCUZdXu.mjs
[debug] [2025-03-04T16:11:32.429Z] Could not find VSCode notification endpoint: FetchError: request to http://localhost:40001/vscode/notify failed, reason: . If you are not running the Firebase Data Connect VSCode extension, this is expected and not an issue.
[info] 
┌─────────────────────────────────────────────────────────────┐
│ ✔  All emulators ready! It is now safe to connect your app. │
│ i  View Emulator UI at http://127.0.0.1:4000/               │
└─────────────────────────────────────────────────────────────┘

┌────────────────┬────────────────┬─────────────────────────────────┐
│ Emulator       │ Host:Port      │ View in Emulator UI             │
├────────────────┼────────────────┼─────────────────────────────────┤
│ Authentication │ 127.0.0.1:9099 │ http://127.0.0.1:4000/auth      │
├────────────────┼────────────────┼─────────────────────────────────┤
│ Firestore      │ 127.0.0.1:8080 │ http://127.0.0.1:4000/firestore │
├────────────────┼────────────────┼─────────────────────────────────┤
│ Hosting        │ 127.0.0.1:5000 │ n/a                             │
├────────────────┼────────────────┼─────────────────────────────────┤
│ Storage        │ 127.0.0.1:9199 │ http://127.0.0.1:4000/storage   │
└────────────────┴────────────────┴─────────────────────────────────┘
  Emulator Hub host: 127.0.0.1 port: 4400
  Other reserved ports: 4500, 9150

Issues? Report them at https://github.com/firebase/firebase-tools/issues and attach the *-debug.log files.
 
[debug] [2025-03-04T16:12:26.423Z] Mar 04, 2025 10:12:26 AM com.google.cloud.datastore.emulator.firestore.websocket.WebSocketChannelHandler initChannel
INFO: Connected to new websocket client
 {"metadata":{"emulator":{"name":"firestore"},"message":"Mar 04, 2025 10:12:26 AM com.google.cloud.datastore.emulator.firestore.websocket.WebSocketChannelHandler initChannel\nINFO: Connected to new websocket client\n"}}
[debug] [2025-03-04T16:12:37.070Z] Mar 04, 2025 10:12:37 AM io.gapi.emulators.netty.HttpVersionRoutingHandler channelRead
INFO: Detected non-HTTP/2 connection.
 {"metadata":{"emulator":{"name":"firestore"},"message":"Mar 04, 2025 10:12:37 AM io.gapi.emulators.netty.HttpVersionRoutingHandler channelRead\nINFO: Detected non-HTTP/2 connection.\n"}}
[debug] [2025-03-04T16:12:37.313Z] Mar 04, 2025 10:12:37 AM io.gapi.emulators.netty.HttpVersionRoutingHandler channelRead
INFO: Detected HTTP/2 connection.
 {"metadata":{"emulator":{"name":"firestore"},"message":"Mar 04, 2025 10:12:37 AM io.gapi.emulators.netty.HttpVersionRoutingHandler channelRead\nINFO: Detected HTTP/2 connection.\n"}}
[debug] [2025-03-04T16:12:41.476Z] Checked if tokens are valid: true, expires at: 1741108288445
[debug] [2025-03-04T16:12:41.476Z] Checked if tokens are valid: true, expires at: 1741108288445
[debug] [2025-03-04T16:12:41.477Z] >>> [apiv2][query] GET https://firebase.googleapis.com/v1beta1/projects/delivery-sahuayo/adminSdkConfig [none]
[debug] [2025-03-04T16:12:42.084Z] <<< [apiv2][status] GET https://firebase.googleapis.com/v1beta1/projects/delivery-sahuayo/adminSdkConfig 200
[debug] [2025-03-04T16:12:42.085Z] <<< [apiv2][body] GET https://firebase.googleapis.com/v1beta1/projects/delivery-sahuayo/adminSdkConfig {"projectId":"delivery-sahuayo","storageBucket":"delivery-sahuayo.firebasestorage.app"}
[debug] [2025-03-04T16:21:01.792Z] Mar 04, 2025 10:21:01 AM com.google.cloud.datastore.emulator.firestore.websocket.WebSocketChannelHandler channelClosed
INFO: Websocket client disconnected
 {"metadata":{"emulator":{"name":"firestore"},"message":"Mar 04, 2025 10:21:01 AM com.google.cloud.datastore.emulator.firestore.websocket.WebSocketChannelHandler channelClosed\nINFO: Websocket client disconnected\n"}}
[debug] [2025-03-04T16:22:29.780Z] Mar 04, 2025 10:22:29 AM com.google.cloud.datastore.emulator.firestore.websocket.WebSocketChannelHandler initChannel
INFO: Connected to new websocket client
 {"metadata":{"emulator":{"name":"firestore"},"message":"Mar 04, 2025 10:22:29 AM com.google.cloud.datastore.emulator.firestore.websocket.WebSocketChannelHandler initChannel\nINFO: Connected to new websocket client\n"}}
